{
	"Entries": [
		{
			"Limits": {
				"Initial": 0,
				"Maximum": 5682
			}
		}
	]
}