{
	"Entries": [
		{
			"Field": "run",
			"Kind": 0,
			"Index": 864
		},
		{
			"Field": "mem",
			"Kind": 2,
			"Index": 0
		}
	]
}