{
	"Entries": [
		{
			"Limits": {
				"Initial": 16384,
				"Maximum": 0
			}
		}
	]
}