{
	"Name": "go.buildid",
	"Payload": "/yBHbyBidWlsZCBJRDogInBOb2RNRkc1TDVicWJuNzFBcTJKL0xTdDRsZmVOUVc1c2hpcUpjS09DLzBqV0xVV1JBRDBDa294VTRMYWtKLzllRXpHRUk5d1FZZ3FQQm9qeDFaIgog/w=="
}